// Jest Snapshot v1, https://goo.gl/fbAQLP

exports[`App GIF Expert Componente GifGridItem render snapshot 1`] = `
<div>
  <div
    class="card"
  >
    <img
      alt="Rick y Morty"
      src="https://media2.giphy.com/media/f6aTMoYlqUOEViRiBu/giphy.gif?cid=eee15420xucn80h4bt7ewlplhn9p59fev50p1rwhe372kbmo&ep=v1_gifs_search&rid=giphy.gif&ct=g"
    />
    <p>
      Rick y Morty
    </p>
  </div>
</div>
`;
